[themewagon.github.io/Medinova/index.html]
[backblue.gif]
[fade.gif]
[index.html]
[themewagon.github.io/Medinova/img/favicon.ico]
[cdnjs.cloudflare.com/ajax/libs/font-awesome/5.15.0/css/all.min.css]
[cdn.jsdelivr.net/npm/bootstrap-icons@1.4.1/font/bootstrap-icons.css]
[themewagon.github.io/Medinova/lib/owlcarousel/assets/owl.carousel.min.css]
[themewagon.github.io/Medinova/lib/tempusdominus/css/tempusdominus-bootstrap-4.min.css]
[themewagon.github.io/Medinova/css/bootstrap.min.css]
[themewagon.github.io/Medinova/css/style.css]
[themewagon.github.io/Medinova/index-2.html]
[themewagon.github.io/Medinova/about.html]
[themewagon.github.io/Medinova/service.html]
[themewagon.github.io/Medinova/price.html]
[themewagon.github.io/Medinova/blog.html]
[themewagon.github.io/Medinova/detail.html]
[themewagon.github.io/Medinova/team.html]
[themewagon.github.io/Medinova/testimonial.html]
[themewagon.github.io/Medinova/appointment.html]
[themewagon.github.io/Medinova/search.html]
[themewagon.github.io/Medinova/contact.html]
[themewagon.github.io/Medinova/img/about.jpg]
[themewagon.github.io/Medinova/img/price-1.jpg]
[themewagon.github.io/Medinova/img/price-2.jpg]
[themewagon.github.io/Medinova/img/price-3.jpg]
[themewagon.github.io/Medinova/img/price-4.jpg]
[themewagon.github.io/Medinova/img/team-1.jpg]
[themewagon.github.io/Medinova/img/team-2.jpg]
[themewagon.github.io/Medinova/img/team-3.jpg]
[themewagon.github.io/Medinova/img/testimonial-1.jpg]
[themewagon.github.io/Medinova/img/testimonial-2.jpg]
[themewagon.github.io/Medinova/img/testimonial-3.jpg]
[themewagon.github.io/Medinova/img/blog-1.jpg]
[themewagon.github.io/Medinova/img/user.jpg]
[themewagon.github.io/Medinova/img/blog-2.jpg]
[themewagon.github.io/Medinova/img/blog-3.jpg]
[code.jquery.com/jquery-3.4.1.min.js]
[cdn.jsdelivr.net/npm/bootstrap@5.0.0/dist/js/bootstrap.bundle.min.js]
[themewagon.github.io/Medinova/lib/easing/easing.min.js]
[themewagon.github.io/Medinova/lib/waypoints/waypoints.min.js]
[themewagon.github.io/Medinova/lib/owlcarousel/owl.carousel.min.js]
[themewagon.github.io/Medinova/lib/tempusdominus/js/moment.min.js]
[themewagon.github.io/Medinova/lib/tempusdominus/js/moment-timezone.min.js]
[themewagon.github.io/Medinova/lib/tempusdominus/js/tempusdominus-bootstrap-4.min.js]
[themewagon.github.io/Medinova/js/main.js]
[themewagon.github.io/Medinova/index.html]
[themewagon.github.io/Medinova/img/favicon.html]
[cdnjs.cloudflare.com/ajax/libs/font-awesome/5.15.0/css/all.min.css]
[cdn.jsdelivr.net/npm/bootstrap-icons@1.4.1/font/fonts/bootstrap-iconsfb95.woff2]
[cdn.jsdelivr.net/npm/bootstrap-icons@1.4.1/font/fonts/bootstrap-iconsfb95.woff]
[cdn.jsdelivr.net/npm/bootstrap-icons@1.4.1/font/bootstrap-icons.css]
[themewagon.github.io/Medinova/lib/owlcarousel/assets/owl.video.play.png]
[themewagon.github.io/Medinova/lib/owlcarousel/assets/owl.carousel.min.css]
[themewagon.github.io/Medinova/lib/tempusdominus/css/tempusdominus-bootstrap-4.min.css]
[themewagon.github.io/Medinova/css/bootstrap.min.css]
[themewagon.github.io/Medinova/img/hero.jpg]
[themewagon.github.io/Medinova/css/style.css]
[themewagon.github.io/Medinova/index-2.html]
[themewagon.github.io/Medinova/about.html]
[themewagon.github.io/Medinova/service.html]
[themewagon.github.io/Medinova/price.html]
[themewagon.github.io/Medinova/blog.html]
[themewagon.github.io/Medinova/detail.html]
[themewagon.github.io/Medinova/team.html]
[themewagon.github.io/Medinova/testimonial.html]
[themewagon.github.io/Medinova/appointment.html]
[themewagon.github.io/Medinova/search.html]
[themewagon.github.io/Medinova/contact.html]
